---
source: nodex-cli/tests/behaviour.rs
expression: observed
---
exit: 0
{
  "data": {
    "items": [
      {
        "created": null,
        "id": "generic-legacy",
        "kind": "generic",
        "path": "docs/legacy.md",
        "status": "active",
        "title": "Legacy note"
      }
    ],
    "total": 1
  },
  "ok": true
}
