---
source: nodex-cli/tests/behaviour.rs
expression: "observe(dir.path(), argv)"
---
exit: 0
{
  "data": {
    "fields": {},
    "kinds": [
      "generic",
      "adr",
      "guide",
      "readme",
      "runbook"
    ],
    "statuses": {
      "allowed": [
        "active",
        "superseded",
        "archived",
        "deprecated",
        "abandoned"
      ],
      "terminal": [
        "superseded",
        "archived",
        "deprecated",
        "abandoned"
      ]
    }
  },
  "ok": true
}
