---
source: nodex-cli/tests/behaviour.rs
expression: observed
---
exit: 0
{
  "data": {
    "content": "---\nid: \"adr-swept\"\ntitle: \"Swept\"\nkind: \"adr\"\nstatus: \"active\"\n---\n\n# Swept\n",
    "id": "adr-swept",
    "path": "docs/decisions/swept.md",
    "written": false
  },
  "ok": true,
  "warnings": [
    {
      "code": "similar_document",
      "message": "similar doc exists: \"adr-storage\" (similarity 0.33); consider `lifecycle supersede` instead of creating a duplicate"
    }
  ]
}
