---
source: nodex-cli/tests/behaviour.rs
expression: observed
---
exit: 0
{
  "data": {
    "orphans": [
      {
        "created": null,
        "id": "generic-legacy",
        "kind": "generic",
        "path": "docs/legacy.md",
        "status": "active",
        "title": "Legacy note"
      }
    ],
    "rule_coverage": [
      {
        "rule_id": "acyclic_relation",
        "subjects": 0,
        "unit": "edges"
      },
      {
        "rule_id": "cross_field",
        "subjects": 3,
        "unit": "nodes"
      },
      {
        "rule_id": "field_enum",
        "subjects": 3,
        "unit": "nodes"
      },
      {
        "rule_id": "field_parse",
        "subjects": 3,
        "unit": "nodes"
      },
      {
        "rule_id": "field_type",
        "subjects": 0,
        "unit": "nodes"
      },
      {
        "rule_id": "parse_failure",
        "subjects": 3,
        "unit": "files"
      },
      {
        "rule_id": "required_field",
        "subjects": 0,
        "unit": "nodes"
      },
      {
        "rule_id": "stale_review",
        "subjects": 2,
        "unit": "nodes"
      }
    ],
    "skipped_rules": [],
    "stale": [],
    "summary": {
      "by_category": {
        "excluded_target": 1,
        "orphan": 1
      },
      "total": 1
    },
    "unresolved_edges": [
      {
        "cause": "excluded_from_scope",
        "location": "frontmatter:covers",
        "policy_name": "excluded_target",
        "raw_target": "nodex.toml",
        "reason": "target exists on disk but is excluded from scope",
        "relation": "covers",
        "severity": "info",
        "source": "guide-overview",
        "source_path": "docs/overview.md"
      }
    ],
    "violations": []
  },
  "ok": true
}
