---
source: nodex-cli/tests/behaviour.rs
expression: observed
---
exit: 0
{
  "data": {
    "content": "---\nid: \"adr-swept\"\ntitle: \"Swept\"\nkind: \"adr\"\nstatus: \"active\"\ncreated: 2026-06-15\n---\n\n# Swept\n",
    "id": "adr-swept",
    "path": "docs/decisions/swept.md",
    "written": false
  },
  "ok": true,
  "warnings": [
    {
      "code": "scope_coverage",
      "message": "\"docs/legacy.md\" has kind \"generic\" but no identity.kind_rules glob matches it; add a rule covering this path (map it to \"generic\" explicitly if intended)"
    },
    {
      "code": "similar_document",
      "message": "similar doc exists: \"adr-alpha\" (similarity 0.33); consider `lifecycle supersede` instead of creating a duplicate"
    }
  ]
}
