---
source: nodex-cli/tests/behaviour.rs
expression: observed
---
exit: 1
{
  "data": {
    "has_errors": true,
    "skipped_rules": [],
    "total": 4,
    "violations": [
      {
        "details": {
          "field": "created",
          "type": "required_field"
        },
        "message": "missing required field: created",
        "node_id": "generic-legacy",
        "path": "docs/legacy.md",
        "rule_id": "required_field",
        "severity": "error"
      },
      {
        "details": {
          "days": 162,
          "threshold_days": 90,
          "type": "stale_review"
        },
        "message": "not reviewed for 162 days (threshold: 90 days)",
        "node_id": "adr-gamma",
        "path": "docs/decisions/gamma.md",
        "rule_id": "stale_review",
        "severity": "warning"
      },
      {
        "details": {
          "days": 164,
          "threshold_days": 90,
          "type": "stale_review"
        },
        "message": "not reviewed for 164 days (threshold: 90 days)",
        "node_id": "readme-readme",
        "path": "docs/readme.md",
        "rule_id": "stale_review",
        "severity": "warning"
      },
      {
        "details": {
          "days": 106,
          "threshold_days": 90,
          "type": "stale_review"
        },
        "message": "not reviewed for 106 days (threshold: 90 days)",
        "node_id": "runbook-deploy",
        "path": "docs/runbooks/deploy.md",
        "rule_id": "stale_review",
        "severity": "warning"
      }
    ]
  },
  "ok": true,
  "warnings": [
    {
      "code": "scope_coverage",
      "message": "\"docs/legacy.md\" has kind \"generic\" but no identity.kind_rules glob matches it; add a rule covering this path (map it to \"generic\" explicitly if intended)"
    }
  ]
}
