---
source: nodex-cli/tests/behaviour.rs
expression: observed
---
exit: 0
{
  "data": {
    "has_errors": false,
    "skipped_rules": [],
    "total": 0,
    "violations": []
  },
  "ok": true,
  "warnings": [
    {
      "code": "scope_coverage",
      "message": "\"docs/legacy.md\" has kind \"generic\" but no identity.kind_rules glob matches it; add a rule covering this path (map it to \"generic\" explicitly if intended)"
    }
  ]
}
