---
source: nodex-cli/tests/behaviour.rs
expression: observed
---
exit: 0
{
  "data": {
    "candidates": [
      {
        "components": {
          "directory": 1.0,
          "kind": 1.0,
          "title": 0.0
        },
        "id": "adr-storage",
        "kind": "adr",
        "path": "docs/decisions/storage.md",
        "score": 0.33333333333333337,
        "status": "active",
        "title": "Storage"
      },
      {
        "components": {
          "directory": 0.0,
          "kind": 0.0,
          "title": 0.0
        },
        "id": "generic-legacy",
        "kind": "generic",
        "path": "docs/legacy.md",
        "score": 0.0,
        "status": "active",
        "title": "Legacy note"
      },
      {
        "components": {
          "directory": 0.0,
          "kind": 0.0,
          "title": 0.0
        },
        "id": "guide-overview",
        "kind": "guide",
        "path": "docs/overview.md",
        "score": 0.0,
        "status": "active",
        "title": "Overview"
      }
    ],
    "content": "---\nid: \"adr-swept\"\ntitle: \"Swept\"\nkind: \"adr\"\nstatus: \"active\"\n---\n\n# Swept\n",
    "id": "adr-swept",
    "path": "docs/decisions/swept.md",
    "written": false
  },
  "ok": true,
  "warnings": [
    {
      "code": "scope_coverage",
      "message": "\"docs/legacy.md\" has kind \"generic\" but no identity.kind_rules glob matches it; add a rule covering this path (map it to \"generic\" explicitly if intended)"
    }
  ]
}
